wall4           {1.00,0.75,0.00,0.25}
wall2           {1.00,0.75,0.75,1.00}
wall5           {0.50,0.25,0.50,0.75}
wall3           {0.25,0.00,0.00,0.25}
wall1           {1.00,0.75,0.25,0.50}
lengthmap       032
MAP:
                                
                                
          1111111111111111111   
          111111111111111   1   
          11            1 341   
     111 1111 33  33333 1 541   
     111 1111 33  33333 1 341   
     111 1111 33  33    11  1   
     111111113333 33     1111   
     111 11113333 33   33       
     111      33  33   33       
          33  33  33   3        
          33  33  33   3  3333  
          33333333333333333333  
          33333333333333333333  
          33           3  3333  
          33   33333 3333       
          33   33333 4334       
          33333 3333 3333       
          3333333333 4334       
          33333 3333 3333       
                3333            
                3333            
                3333            
                3333            
                                
                                
                                
                                
                                
                                
                                
PLANES:
                                
                                
          1111111111111111111   
          111111111111111   1   
          11            1 222   
     111 1111 22  22222 1 222   
     111 1111 22  22222 1 222   
     111 1111 22  22    11  1   
     111111112222 22     1111   
     111 11112222 22   22       
     111      22  22   22       
          22  22  22   2        
          22  22  22   2  2222  
          22222222222222222222  
          22222222222222222222  
          22           2  2222  
          22   22222 2222       
          22   22222 2222       
          22222 2222 2222       
          2222222222 2222       
          22222 2222 2222       
                2222            
                2222            
                2222            
                2222            
                                
                                
                                
                                
                                
                                
                                
SPECIALS:
                                
                                
                                
                                
                                
                      m   X     
      e                         
                                
     m  d                       
      e                 A       
                                
                                
                       d        
                            e   
                                
                       d        
                m               
                  e             
                       e        
               d                
                      m         
                                
                  e             
                                
                                
                                
                                
                                
                                
                                
                                
                                
