wall3   {1.00,0.75,0.00,0.25}
wall7   {0.75,0.50,0.50,0.75}
wall1   {1.00,0.75,0.75,1.00}
wall4   {0.75,0.50,0.00,0.25}
wall5   {0.25,0.00,0.25,0.50}
wall10  {0.50,0.25,0.25,0.50}
wall12  {0.50,0.25,0.50,0.75}
wall8   {1.00,0.75,0.50,0.75}
wall9   {0.50,0.25,0.75,1.00}
wall2   {0.25,0.00,0.00,0.25}
wall6   {0.75,0.50,0.25,0.50}
wall11  {1.00,0.75,0.25,0.50}
lengthmap       064
MAP:
                                                                
                     222222222222222222                         
                     222222222222222222                         
                     22  2222222222  22 2232 2222 22222         
                     24  4222222224  42 2222 2222 22222 222 222 
                     222222222222222222 4222 422222222222222222 
                     22222222222222222222222 2222 22222 222 222 
                     222222222222222222 4222 2222 22222         
                     24  4222222224  42 2222 2222 22322 5555555 
                     22  2222222222  22 2222 2222 2   2 5  5  5 
                     222222222222222222 2222 422222   225  6  5 
                     222222222222222222 2222 2222 2 2 2 5  5  5 
                     222222222222222222 2222 2222 22222 5555555 
                     22  2222222222  22 2222  2     2        2  
                     24  4222222224  42 2222 222  88888     222 
                     222222222222222222 2222 424  8 9 8  222222 
                     222222222222222222 22222223  8 8 8  2  222 
                     222222222222222222 2222 424  8 9 8  22 228 
                     24  4222222224  42 2222 222  88888   2 88  
                     22  2222222222  22       8     8    22     
                     222222222222222222    888888888888  2      
                     222222222222222222    888888888888  2      
                     222222222222222222      8      8    2      
                     22  2222222222  22 88 32223 888898 5555555 
                     24  4222222224  42 88 22222 88   8 5  5  5 
                     222222222222222222 88 22222 8  898 5:555:5 
                     222222222222222222888822222 8 888855:555:5 
                     222222222222222222 88 22222 9 9888 5  5  5 
                     24  4222222224  42 88 32223 888888 5555555 
                     22  2222222222  22 88   8    ;        5    
                     222222222222222222 88888888  ;       555   
                     222222222222222222 88888888 ;;;      :5:   
                              8                   ;     5555555 
                             888                 ;;;    :55555: 
                             888                  ;   555555555 
                             888                 ;;;  655555555 
                             888                  ;   555555555 
                             888                 ;;;    :55555: 
                             888                  ;     5555555 
                             888                 ;;;      :5:   
                             888                  ;       555   
                             888                  ;        5    
                             888               555255555555555  
                             888               555555555555555  
                             888  ;;;;;;;;;88  5:55:5555:55:55  
                             888  ; 333 ;  88    55  55  55  5  
                             888  ; 2<2 ;  88    55  55  55  5  
                             888  ;     ;  88  5:55:5555:55:55  
                             888;;;;;;;;;  88  555555555555555  
                             888;;;;;;;;;  88  5:  ::  ::  :55  
                             888  ;;;;;;;  88  555555555555555  
                                           88   8          8    
                                           8888888888888888888  
                                           8888888888888888888  
                                                                
                                                                
                                                                
                                                                
                                                                
                                                                
                                                                
                                                                
                                                                
                                                                
PLANES:
                                                                
                     111111111111111111                         
                     111111111111111111                         
                     11  1111111111  11 1111 1111 11111         
                     11  1111111111  11 1111 1111 11111 111 222 
                     111111111111111111 1111 111111111111112222 
                     11111111111111111111111 1111 11111 111 222 
                     111111111111111111 1111 1111 11111         
                     11  1111111111  11 1111 1111 11111 1111111 
                     11  1111111111  11 1111 1111 1   1 1  1  1 
                     111111111111111111 1111 111111   111  1  1 
                     111111111111111111 1111 1111 1 1 1 1  1  1 
                     111111111111111111 1111 1111 11111 1111111 
                     11  1111111111  11 1111  1     1        7  
                     11  1111111111  11 1111 111  11111     777 
                     111111111111111111 1111 111  1 1 1  227777 
                     111111111111111111 11111111  1 1 1  2  777 
                     111111111111111111 1111 111  1 1 1  22 777 
                     11  1111111111  11 1111 111  11111   2 77  
                     11  1111111111  11       7     7    22     
                     111111111111111111    777777777777  2      
                     111111111111111111    777777777777  2      
                     111111111111111111      7      7    2      
                     11  1111111111  11 77 11111 111111 1111111 
                     11  1111111111  11 77 11111 11   1 1  1  1 
                     111111111111111111 77 11111 1  111 1111111 
                     111111111111111111777711111 1 111111111111 
                     111111111111111111 77 11111 1 1111 1  1  1 
                     11  1111111111  11 77 11111 111111 1111111 
                     11  1111111111  11 77   7    7        1    
                     111111111111111111 77777777  7       111   
                     111111111111111111 77777777 777      111   
                              7                   7     1111111 
                             777                 777    1111111 
                             777                  7   111111111 
                             777                 777  111111111 
                             777                  7   111111111 
                             777                 777    1111111 
                             777                  7     1111111 
                             777                 777      111   
                             777                  7       111   
                             777                  7        1    
                             777               111111111111111  
                             777               111111111111111  
                             777  ;;111;;;;77  111111111111111  
                             777  ; 111 ;  77    11  11  11  1  
                             777  ; 111 ;  77    11  11  11  1  
                             777  ;     ;  77  111111111111111  
                             777;;;;;;;;;  77  111111111111111  
                             777;;;;;;;;;  77  11  11  11  111  
                             777  ;;;;;;;  77  111111111111111  
                                           77   7          7    
                                           7777777777777777777  
                                           7777777777777777777  
                                                                
                                                                
                                                                
                                                                
                                                                
                                                                
                                                                
                                                                
                                                                
                                                                
SPECIALS:
                                                                
                              m                                 
                                                                
                      e           e                             
                              m                      e      m m 
                                        e        d     d  A     
                       e              md          e         m m 
                                        e       e    e          
                              m                                 
                      e           e                             
                                                 d     d        
                       e      m                     e           
                                                                
                      e           e           d     d        d  
                              m                                 
                                                           d    
                       e                    d                   
                                                            e   
                              m                                 
                      e           e           d     d           
                                                                
                       e      m                                 
                                             d      d    d      
                      e           e         e e                 
                              m                                 
                                                    e           
                       e              md  d        e   dm       
                                                                
                              m                            m    
                      e           e          d    d        d    
                                                  m             
                              m                  e e            
                              d                   m     e     e 
                                                 e e            
                                                  m             
                             e e                 e e            
                                                  m             
                                                 e e            
                                                  m     e     e 
                                                 e e            
                                                  m             
                                                  d        d    
                                                  m             
                                                                
                                                                
                                                                
                                     X                          
                             e e               e    e  e    e   
                                                                
                                    m                           
                                                                
                                            e   d          d    
                                                                
                                           e                    
                                                                
                                                                
                                                                
                                                                
                                                                
                                                                
                                                                
                                                                
                                                                
                                                                
