wall5      {1.00,0.75,0.00,0.25}
wall2      {0.75,0.50,0.50,0.75}
wall6      {1.00,0.75,0.75,1.00}
wall9      {0.50,0.25,0.00,0.25}
wall4      {0.75,0.50,0.00,0.25}
wall3      {0.25,0.00,0.25,0.50}
wall12     {0.50,0.25,0.50,0.75}
wall7      {1.00,0.75,0.50,0.75}
wall10     {0.25,0.00,0.75,1.00}
wall11     {0.50,0.25,0.75,1.00}
wall1      {0.25,0.00,0.00,0.25}
wall8      {1.00,0.75,0.25,0.50}
lengthmap       064
MAP:
                                                                
                                                                
                           111111111 333333333333333333         
                         111       11334133413341334133         
                       111           34  14  14  14  13         
                       1             31  41  41  41  43         
                      11             331433143314331433         
                      1  15151       333333333333333333         
                      1  33111                     7            
                      1   3111171   777777777777777777          
                      1   3111 771  777777777777777777          
                      1  33111  77   1             7            
                      1  15151  77   1                          
                      1         77  888 888 888                 
                      1  11111  77  888 888 888                 
                      1  11119  77  888 888 888                 
                      1   1111  77   7   7   7   77777          
                      1   9111  77 7777:777;777:777777          
                      1   111   7777777777777777777777          
                      1   111   77 7777:777;777:777777          
                      1    7    77   7   7   7   77777          
                      1 7777777777  888 888 888                 
                      1 7777777777  888 888 888                 
                      1         77  888 888 888                 
                      1         77                              
                      1    88   77             8888888          
                      1    8881 77777777777777 8 555 8          
                      1   88881177777777777777 8 1<1 8          
                      1   88 8811   7   7   7  8     8          
                      1   88 8881  111 111 111 8888888          
                      1   8 88  8  11141114111 8888888          
                      1   8 8888   11141414111 8888888          
                      1   888888   414 4 4 414  1  1            
                      1  11      14111414141114111111           
                      1  1       81111111111111111118           
                      11111      88811111111111111118           
                      11111     11 888888888888888888           
                       1 1      1  888888888888888888           
                       1 11   111                               
                          11111                                 
                                                                
                                                                
                                                                
                                                                
                                                                
                                                                
                                                                
                                                                
                                                                
                                                                
                                                                
                                                                
                                                                
                                                                
                                                                
                                                                
                                                                
                                                                
                                                                
                                                                
                                                                
                                                                
                                                                
                                                                
PLANES:
                                                                
                                                                
                           111111111 222222222222222222         
                         111       11222222222222222222         
                       111           22  22  22  22  22         
                       1             22  22  22  22  22         
                      11             222222222222222222         
                      1  22222       222222222222222222         
                      1  22222                     6            
                      1   2222266   666666666666666666          
                      1   2222 666  666666666666666666          
                      1  22222  66   1             6            
                      1  22222  66   1                          
                      1         66  888 888 888                 
                      1  22222  66  888 888 888                 
                      1  22222  66  888 888 888                 
                      1   2222  66   6   6   6   66666          
                      1   2222  66 6666666666666666666          
                      1   222   6666666666666666666666          
                      1   222   66 6666666666666666666          
                      1    6    66   6   6   6   66666          
                      1 6666666666  888 888 888                 
                      1 6666666666  888 888 888                 
                      1         66  888 888 888                 
                      1         66                              
                      1    22   66             8866688          
                      1    2221 66666666666666 8 666 8          
                      1   22221166666666666666 8 666 8          
                      1   22 2211   6   6   6  8     8          
                      1   22 2221  666 666 666 8888888          
                      1   2 22  2  66666666666 8888888          
                      1   2 2222   66666666666 8888888          
                      1   222222   666 6 6 666  1  1            
                      1  11      66666666666666666666           
                      1  1       66666666666666666666           
                      11111      66666666666666666666           
                      11111     11 666666666666666666           
                       1 1      1  666666666666666666           
                       1 11   111                               
                          11111                                 
                                                                
                                                                
                                                                
                                                                
                                                                
                                                                
                                                                
                                                                
                                                                
                                                                
                                                                
                                                                
                                                                
                                                                
                                                                
                                                                
                                                                
                                                                
                                                                
                                                                
                                                                
                                                                
                                                                
                                                                
SPECIALS:
                                                                
                                                                
                                         e                      
                                                                
                                                                
                                                                
                                                                
                                     m                          
                             e                     d            
                              d                                 
                                                                
                      e                            e            
                         m                                      
                                                                
                                         e                      
                         m e                                    
                                     d   d   d                  
                             e   e                              
                                  d                  A          
                                 e                              
                           d         d   d   d                  
                                                                
                                     m       m                  
                                                                
                                                                
                                                                
                                                                
                                                  X             
                                    d   d   d                   
                                                                
                                    e   e   e                   
                             m                                  
                                                d  d            
                                                                
                                                                
                                                                
                                                                
                                                                
                                                                
                                                                
                                                                
                                                                
                                                                
                                                                
                                                                
                                                                
                                                                
                                                                
                                                                
                                                                
                                                                
                                                                
                                                                
                                                                
                                                                
                                                                
                                                                
                                                                
                                                                
                                                                
                                                                
                                                                
                                                                
                                                                
